<!DOCTYPE HTML PUBLIC "-//W3C//DTD HTML 4.01 Transitional//EN">

<html lang="en">

<head>
  <meta http-equiv="Content-Type" content="text/html; charset=UTF-8">
  <title>LCOV - lcov_report.info - include/saga/expected/bad_expected_access.hpp - functions</title>
  <link rel="stylesheet" type="text/css" href="../../../gcov.css">
</head>

<body>

  <table width="100%" border=0 cellspacing=0 cellpadding=0>
    <tr><td class="title">LCOV - code coverage report</td></tr>
    <tr><td class="ruler"><img src="../../../glass.png" width=3 height=3 alt=""></td></tr>

    <tr>
      <td width="100%">
        <table cellpadding=1 border=0 width="100%">
          <tr>
            <td width="10%" class="headerItem">Current view:</td>
            <td width="35%" class="headerValue"><a href="../../../index.html">top level</a> - <a href="index.html">include/saga/expected</a> - bad_expected_access.hpp<span style="font-size: 80%;"> (<a href="bad_expected_access.hpp.gcov.html">source</a> / functions)</span></td>
            <td width="5%"></td>
            <td width="15%"></td>
            <td width="10%" class="headerCovTableHead">Hit</td>
            <td width="10%" class="headerCovTableHead">Total</td>
            <td width="15%" class="headerCovTableHead">Coverage</td>
          </tr>
          <tr>
            <td class="headerItem">Test:</td>
            <td class="headerValue">lcov_report.info</td>
            <td></td>
            <td class="headerItem">Lines:</td>
            <td class="headerCovTableEntry">14</td>
            <td class="headerCovTableEntry">14</td>
            <td class="headerCovTableEntryHi">100.0 %</td>
          </tr>
          <tr>
            <td class="headerItem">Date:</td>
            <td class="headerValue">2021-06-10 10:35:29</td>
            <td></td>
            <td class="headerItem">Functions:</td>
            <td class="headerCovTableEntry">12</td>
            <td class="headerCovTableEntry">19</td>
            <td class="headerCovTableEntryLo">63.2 %</td>
          </tr>
          <tr><td><img src="../../../glass.png" width=3 height=3 alt=""></td></tr>
        </table>
      </td>
    </tr>

    <tr><td class="ruler"><img src="../../../glass.png" width=3 height=3 alt=""></td></tr>
  </table>

  <center>
  <table width="60%" cellpadding=1 cellspacing=1 border=0>
    <tr><td><br></td></tr>
    <tr>
      <td width="80%" class="tableHead">Function Name <span class="tableHeadSort"><a href="bad_expected_access.hpp.func.html"><img src="../../../updown.png" width=10 height=14 alt="Sort by function name" title="Sort by function name" border=0></a></span></td>
      <td width="20%" class="tableHead">Hit count <span class="tableHeadSort"><img src="../../../glass.png" width=10 height=14 alt="Sort by hit count" title="Sort by hit count" border=0></span></td>
    </tr>
    <tr>
              <td class="coverFn"><a href="bad_expected_access.hpp.gcov.html#44">_ZN4saga19bad_expected_accessIPiEC2ES1_</a></td>
              <td class="coverFnLo">0</td>
            </tr>
    <tr>
              <td class="coverFn"><a href="bad_expected_access.hpp.gcov.html#44">_ZN4saga19bad_expected_accessIiEC2Ei</a></td>
              <td class="coverFnLo">0</td>
            </tr>
    <tr>
              <td class="coverFn"><a href="bad_expected_access.hpp.gcov.html#69">_ZNK4saga19bad_expected_accessIPiE4whatEv</a></td>
              <td class="coverFnLo">0</td>
            </tr>
    <tr>
              <td class="coverFn"><a href="bad_expected_access.hpp.gcov.html#69">_ZNK4saga19bad_expected_accessISt3setIiPFbRKiS3_ESaIiEEE4whatEv</a></td>
              <td class="coverFnLo">0</td>
            </tr>
    <tr>
              <td class="coverFn"><a href="bad_expected_access.hpp.gcov.html#69">_ZNK4saga19bad_expected_accessISt6vectorIiSaIiEEE4whatEv</a></td>
              <td class="coverFnLo">0</td>
            </tr>
    <tr>
              <td class="coverFn"><a href="bad_expected_access.hpp.gcov.html#69">_ZNK4saga19bad_expected_accessIiE4whatEv</a></td>
              <td class="coverFnLo">0</td>
            </tr>
    <tr>
              <td class="coverFn"><a href="bad_expected_access.hpp.gcov.html#69">_ZNK4saga19bad_expected_accessIlE4whatEv</a></td>
              <td class="coverFnLo">0</td>
            </tr>
    <tr>
              <td class="coverFn"><a href="bad_expected_access.hpp.gcov.html#44">_ZN4saga19bad_expected_accessIlEC2El</a></td>
              <td class="coverFnHi">1</td>
            </tr>
    <tr>
              <td class="coverFn"><a href="bad_expected_access.hpp.gcov.html#69">_ZNK4saga19bad_expected_accessINSt7__cxx1112basic_stringIcSt11char_traitsIcESaIcEEEE4whatEv</a></td>
              <td class="coverFnHi">100</td>
            </tr>
    <tr>
              <td class="coverFn"><a href="bad_expected_access.hpp.gcov.html#64">_ZNKO4saga19bad_expected_accessINSt7__cxx1112basic_stringIcSt11char_traitsIcESaIcEEEE5errorEv</a></td>
              <td class="coverFnHi">100</td>
            </tr>
    <tr>
              <td class="coverFn"><a href="bad_expected_access.hpp.gcov.html#59">_ZNO4saga19bad_expected_accessINSt7__cxx1112basic_stringIcSt11char_traitsIcESaIcEEEE5errorEv</a></td>
              <td class="coverFnHi">100</td>
            </tr>
    <tr>
              <td class="coverFn"><a href="bad_expected_access.hpp.gcov.html#44">_ZN4saga19bad_expected_accessISt3setIiPFbRKiS3_ESaIiEEEC2ES7_</a></td>
              <td class="coverFnHi">200</td>
            </tr>
    <tr>
              <td class="coverFn"><a href="bad_expected_access.hpp.gcov.html#49">_ZNR4saga19bad_expected_accessISt3setIiPFbRKiS3_ESaIiEEE5errorEv</a></td>
              <td class="coverFnHi">200</td>
            </tr>
    <tr>
              <td class="coverFn"><a href="bad_expected_access.hpp.gcov.html#44">_ZN4saga19bad_expected_accessISt6vectorIiSaIiEEEC2ES3_</a></td>
              <td class="coverFnHi">400</td>
            </tr>
    <tr>
              <td class="coverFn"><a href="bad_expected_access.hpp.gcov.html#54">_ZNKR4saga19bad_expected_accessINSt7__cxx1112basic_stringIcSt11char_traitsIcESaIcEEEE5errorEv</a></td>
              <td class="coverFnHi">400</td>
            </tr>
    <tr>
              <td class="coverFn"><a href="bad_expected_access.hpp.gcov.html#49">_ZNR4saga19bad_expected_accessISt6vectorIiSaIiEEE5errorEv</a></td>
              <td class="coverFnHi">400</td>
            </tr>
    <tr>
              <td class="coverFn"><a href="bad_expected_access.hpp.gcov.html#44">_ZN4saga19bad_expected_accessINSt7__cxx1112basic_stringIcSt11char_traitsIcESaIcEEEEC2ES6_</a></td>
              <td class="coverFnHi">1003</td>
            </tr>
    <tr>
              <td class="coverFn"><a href="bad_expected_access.hpp.gcov.html#49">_ZNR4saga19bad_expected_accessINSt7__cxx1112basic_stringIcSt11char_traitsIcESaIcEEEE5errorEv</a></td>
              <td class="coverFnHi">1100</td>
            </tr>
    <tr>
              <td class="coverFn"><a href="bad_expected_access.hpp.gcov.html#36">_ZN4saga19bad_expected_accessIvEC2Ev</a></td>
              <td class="coverFnHi">1605</td>
            </tr>
  </table>
  <br>
  </center>
  <table width="100%" border=0 cellspacing=0 cellpadding=0>
    <tr><td class="ruler"><img src="../../../glass.png" width=3 height=3 alt=""></td></tr>
    <tr><td class="versionInfo">Generated by: <a href="http://ltp.sourceforge.net/coverage/lcov.php" target="_parent">LCOV version 1.14</a></td></tr>
  </table>
  <br>

</body>
</html>
