<!DOCTYPE HTML PUBLIC "-//W3C//DTD HTML 4.01 Transitional//EN">

<html lang="en">

<head>
  <meta http-equiv="Content-Type" content="text/html; charset=UTF-8">
  <title>LCOV - lcov_report.info - include/saga/expected/unexpected.hpp - functions</title>
  <link rel="stylesheet" type="text/css" href="../../../gcov.css">
</head>

<body>

  <table width="100%" border=0 cellspacing=0 cellpadding=0>
    <tr><td class="title">LCOV - code coverage report</td></tr>
    <tr><td class="ruler"><img src="../../../glass.png" width=3 height=3 alt=""></td></tr>

    <tr>
      <td width="100%">
        <table cellpadding=1 border=0 width="100%">
          <tr>
            <td width="10%" class="headerItem">Current view:</td>
            <td width="35%" class="headerValue"><a href="../../../index.html">top level</a> - <a href="index.html">include/saga/expected</a> - unexpected.hpp<span style="font-size: 80%;"> (<a href="unexpected.hpp.gcov.html">source</a> / functions)</span></td>
            <td width="5%"></td>
            <td width="15%"></td>
            <td width="10%" class="headerCovTableHead">Hit</td>
            <td width="10%" class="headerCovTableHead">Total</td>
            <td width="15%" class="headerCovTableHead">Coverage</td>
          </tr>
          <tr>
            <td class="headerItem">Test:</td>
            <td class="headerValue">lcov_report.info</td>
            <td></td>
            <td class="headerItem">Lines:</td>
            <td class="headerCovTableEntry">44</td>
            <td class="headerCovTableEntry">44</td>
            <td class="headerCovTableEntryHi">100.0 %</td>
          </tr>
          <tr>
            <td class="headerItem">Date:</td>
            <td class="headerValue">2021-06-10 10:35:29</td>
            <td></td>
            <td class="headerItem">Functions:</td>
            <td class="headerCovTableEntry">97</td>
            <td class="headerCovTableEntry">105</td>
            <td class="headerCovTableEntryHi">92.4 %</td>
          </tr>
          <tr><td><img src="../../../glass.png" width=3 height=3 alt=""></td></tr>
        </table>
      </td>
    </tr>

    <tr><td class="ruler"><img src="../../../glass.png" width=3 height=3 alt=""></td></tr>
  </table>

  <center>
  <table width="60%" cellpadding=1 cellspacing=1 border=0>
    <tr><td><br></td></tr>
    <tr>
      <td width="80%" class="tableHead">Function Name <span class="tableHeadSort"><img src="../../../glass.png" width=10 height=14 alt="Sort by function name" title="Sort by function name" border=0></span></td>
      <td width="20%" class="tableHead">Hit count <span class="tableHeadSort"><a href="unexpected.hpp.func-sort-c.html"><img src="../../../updown.png" width=10 height=14 alt="Sort by hit count" title="Sort by hit count" border=0></a></span></td>
    </tr>
    <tr>
              <td class="coverFn"><a href="unexpected.hpp.gcov.html#150">_ZN4saga10unexpectedIN12_GLOBAL__N_113throwing_swapIiEEE4swapERS4_</a></td>
              <td class="coverFnHi">200</td>
            </tr>
    <tr>
              <td class="coverFn"><a href="unexpected.hpp.gcov.html#57">_ZN4saga10unexpectedIN12_GLOBAL__N_113throwing_swapIiEEEC2IJRKiEvEENS_10in_place_tEDpOT_</a></td>
              <td class="coverFnHi">200</td>
            </tr>
    <tr>
              <td class="coverFn"><a href="unexpected.hpp.gcov.html#57">_ZN4saga10unexpectedIN12_GLOBAL__N_117throwing_move_intEEC2IJS2_EvEENS_10in_place_tEDpOT_</a></td>
              <td class="coverFnHi">107</td>
            </tr>
    <tr>
              <td class="coverFn"><a href="unexpected.hpp.gcov.html#72">_ZN4saga10unexpectedIN12_GLOBAL__N_117throwing_move_intEEC2IRKS2_vvvEEOT_</a></td>
              <td class="coverFnHi">214</td>
            </tr>
    <tr>
              <td class="coverFn"><a href="unexpected.hpp.gcov.html#72">_ZN4saga10unexpectedIN12_GLOBAL__N_117throwing_move_intEEC2IS2_vvvEEOT_</a></td>
              <td class="coverFnHi">319</td>
            </tr>
    <tr>
              <td class="coverFn"><a href="unexpected.hpp.gcov.html#57">_ZN4saga10unexpectedIN12_GLOBAL__N_17wrapperISt6vectorIiSaIiEEEEEC2IJRKS5_EvEENS_10in_place_tEDpOT_</a></td>
              <td class="coverFnHi">200</td>
            </tr>
    <tr>
              <td class="coverFn"><a href="unexpected.hpp.gcov.html#72">_ZN4saga10unexpectedIN12_GLOBAL__N_17wrapperISt6vectorIiSaIiEEEEEC2IS5_vvvEEOT_</a></td>
              <td class="coverFnHi">400</td>
            </tr>
    <tr>
              <td class="coverFn"><a href="unexpected.hpp.gcov.html#46">_ZN4saga10unexpectedIN12_GLOBAL__N_17wrapperISt6vectorIiSaIiEEEEEaSEOS7_</a></td>
              <td class="coverFnHi">200</td>
            </tr>
    <tr>
              <td class="coverFn"><a href="unexpected.hpp.gcov.html#72">_ZN4saga10unexpectedIN9saga_test9move_onlyIiEEEC2IRKivvvEEOT_</a></td>
              <td class="coverFnHi">94</td>
            </tr>
    <tr>
              <td class="coverFn"><a href="unexpected.hpp.gcov.html#72">_ZN4saga10unexpectedIN9saga_test9move_onlyIlEEEC2INS2_IiEEvvvEEOT_</a></td>
              <td class="coverFnHi">94</td>
            </tr>
    <tr>
              <td class="coverFn"><a href="unexpected.hpp.gcov.html#57">_ZN4saga10unexpectedINSt7__cxx1112basic_stringIcSt11char_traitsIcESaIcEEEEC1IJEvEENS_10in_place_tEDpOT_</a></td>
              <td class="coverFnHi">3</td>
            </tr>
    <tr>
              <td class="coverFn"><a href="unexpected.hpp.gcov.html#57">_ZN4saga10unexpectedINSt7__cxx1112basic_stringIcSt11char_traitsIcESaIcEEEEC1IJRA4_KcEvEENS_10in_place_tEDpOT_</a></td>
              <td class="coverFnHi">100</td>
            </tr>
    <tr>
              <td class="coverFn"><a href="unexpected.hpp.gcov.html#57">_ZN4saga10unexpectedINSt7__cxx1112basic_stringIcSt11char_traitsIcESaIcEEEEC1IJRKS6_EvEENS_10in_place_tEDpOT_</a></td>
              <td class="coverFnHi">1300</td>
            </tr>
    <tr>
              <td class="coverFn"><a href="unexpected.hpp.gcov.html#72">_ZN4saga10unexpectedINSt7__cxx1112basic_stringIcSt11char_traitsIcESaIcEEEEC1IRKS6_vvvEEOT_</a></td>
              <td class="coverFnLo">0</td>
            </tr>
    <tr>
              <td class="coverFn"><a href="unexpected.hpp.gcov.html#53">_ZN4saga10unexpectedINSt7__cxx1112basic_stringIcSt11char_traitsIcESaIcEEEEC2EOS7_</a></td>
              <td class="coverFnLo">0</td>
            </tr>
    <tr>
              <td class="coverFn"><a href="unexpected.hpp.gcov.html#57">_ZN4saga10unexpectedINSt7__cxx1112basic_stringIcSt11char_traitsIcESaIcEEEEC2IJS6_EvEENS_10in_place_tEDpOT_</a></td>
              <td class="coverFnHi">1038</td>
            </tr>
    <tr>
              <td class="coverFn"><a href="unexpected.hpp.gcov.html#72">_ZN4saga10unexpectedINSt7__cxx1112basic_stringIcSt11char_traitsIcESaIcEEEEC2IRKS6_vvvEEOT_</a></td>
              <td class="coverFnHi">1991</td>
            </tr>
    <tr>
              <td class="coverFn"><a href="unexpected.hpp.gcov.html#72">_ZN4saga10unexpectedINSt7__cxx1112basic_stringIcSt11char_traitsIcESaIcEEEEC2IS6_vvvEEOT_</a></td>
              <td class="coverFnHi">3187</td>
            </tr>
    <tr>
              <td class="coverFn"><a href="unexpected.hpp.gcov.html#46">_ZN4saga10unexpectedINSt7__cxx1112basic_stringIcSt11char_traitsIcESaIcEEEEaSEOS7_</a></td>
              <td class="coverFnHi">97</td>
            </tr>
    <tr>
              <td class="coverFn"><a href="unexpected.hpp.gcov.html#72">_ZN4saga10unexpectedIPiEC2IRKS1_vvvEEOT_</a></td>
              <td class="coverFnLo">0</td>
            </tr>
    <tr>
              <td class="coverFn"><a href="unexpected.hpp.gcov.html#72">_ZN4saga10unexpectedIPiEC2IS1_vvvEEOT_</a></td>
              <td class="coverFnLo">0</td>
            </tr>
    <tr>
              <td class="coverFn"><a href="unexpected.hpp.gcov.html#98">_ZN4saga10unexpectedISt10unique_ptrIN9saga_test4BaseESt14default_deleteIS3_EEEC1IS1_INS2_7DerivedES4_IS9_EELb0EvvEEONS0_IT_EE</a></td>
              <td class="coverFnHi">1</td>
            </tr>
    <tr>
              <td class="coverFn"><a href="unexpected.hpp.gcov.html#123">_ZN4saga10unexpectedISt10unique_ptrIN9saga_test4BaseESt14default_deleteIS3_EEEaSIS1_INS2_7DerivedES4_IS9_EEEENSt9enable_ifIXtlSt13is_assignableIRS6_T_EEERS7_E4typeEONS0_ISF_EE</a></td>
              <td class="coverFnHi">1</td>
            </tr>
    <tr>
              <td class="coverFn"><a href="unexpected.hpp.gcov.html#72">_ZN4saga10unexpectedISt10unique_ptrIN9saga_test7DerivedESt14default_deleteIS3_EEEC2IS6_vvvEEOT_</a></td>
              <td class="coverFnHi">2</td>
            </tr>
    <tr>
              <td class="coverFn"><a href="unexpected.hpp.gcov.html#72">_ZN4saga10unexpectedISt10unique_ptrIiSt14default_deleteIiEEEC2IS4_vvvEEOT_</a></td>
              <td class="coverFnHi">200</td>
            </tr>
    <tr>
              <td class="coverFn"><a href="unexpected.hpp.gcov.html#46">_ZN4saga10unexpectedISt10unique_ptrIiSt14default_deleteIiEEEaSEOS5_</a></td>
              <td class="coverFnHi">100</td>
            </tr>
    <tr>
              <td class="coverFn"><a href="unexpected.hpp.gcov.html#64">_ZN4saga10unexpectedISt3setIiPFbRKiS3_ESaIiEEEC1IiJRKS5_EvEENS_10in_place_tESt16initializer_listIT_EDpOT0_</a></td>
              <td class="coverFnLo">0</td>
            </tr>
    <tr>
              <td class="coverFn"><a href="unexpected.hpp.gcov.html#64">_ZN4saga10unexpectedISt3setIiPFbRKiS3_ESaIiEEEC2IiJRKS5_EvEENS_10in_place_tESt16initializer_listIT_EDpOT0_</a></td>
              <td class="coverFnHi">300</td>
            </tr>
    <tr>
              <td class="coverFn"><a href="unexpected.hpp.gcov.html#57">_ZN4saga10unexpectedISt6vectorIiSaIiEEEC1IJRKmEvEENS_10in_place_tEDpOT_</a></td>
              <td class="coverFnHi">100</td>
            </tr>
    <tr>
              <td class="coverFn"><a href="unexpected.hpp.gcov.html#57">_ZN4saga10unexpectedISt6vectorIiSaIiEEEC1IJRN9saga_test14container_sizeImEERiEvEENS_10in_place_tEDpOT_</a></td>
              <td class="coverFnHi">400</td>
            </tr>
    <tr>
              <td class="coverFn"><a href="unexpected.hpp.gcov.html#57">_ZN4saga10unexpectedISt6vectorIiSaIiEEEC1IJS3_EvEENS_10in_place_tEDpOT_</a></td>
              <td class="coverFnHi">104</td>
            </tr>
    <tr>
              <td class="coverFn"><a href="unexpected.hpp.gcov.html#72">_ZN4saga10unexpectedISt6vectorIiSaIiEEEC1IRKS3_vvvEEOT_</a></td>
              <td class="coverFnHi">1652</td>
            </tr>
    <tr>
              <td class="coverFn"><a href="unexpected.hpp.gcov.html#64">_ZN4saga10unexpectedISt6vectorIiSaIiEEEC1IiJEvEENS_10in_place_tESt16initializer_listIT_EDpOT0_</a></td>
              <td class="coverFnHi">301</td>
            </tr>
    <tr>
              <td class="coverFn"><a href="unexpected.hpp.gcov.html#89">_ZN4saga10unexpectedISt6vectorIiSaIiEEEC1ImLb0EvvEERKNS0_IT_EE</a></td>
              <td class="coverFnHi">200</td>
            </tr>
    <tr>
              <td class="coverFn"><a href="unexpected.hpp.gcov.html#53">_ZN4saga10unexpectedISt6vectorIiSaIiEEEC2EOS4_</a></td>
              <td class="coverFnHi">100</td>
            </tr>
    <tr>
              <td class="coverFn"><a href="unexpected.hpp.gcov.html#51">_ZN4saga10unexpectedISt6vectorIiSaIiEEEC2ERKS4_</a></td>
              <td class="coverFnHi">201</td>
            </tr>
    <tr>
              <td class="coverFn"><a href="unexpected.hpp.gcov.html#57">_ZN4saga10unexpectedISt6vectorIiSaIiEEEC2IJRKS3_EvEENS_10in_place_tEDpOT_</a></td>
              <td class="coverFnHi">1800</td>
            </tr>
    <tr>
              <td class="coverFn"><a href="unexpected.hpp.gcov.html#57">_ZN4saga10unexpectedISt6vectorIiSaIiEEEC2IJmEvEENS_10in_place_tEDpOT_</a></td>
              <td class="coverFnHi">100</td>
            </tr>
    <tr>
              <td class="coverFn"><a href="unexpected.hpp.gcov.html#72">_ZN4saga10unexpectedISt6vectorIiSaIiEEEC2IS3_vvvEEOT_</a></td>
              <td class="coverFnHi">1578</td>
            </tr>
    <tr>
              <td class="coverFn"><a href="unexpected.hpp.gcov.html#46">_ZN4saga10unexpectedISt6vectorIiSaIiEEEaSEOS4_</a></td>
              <td class="coverFnHi">427</td>
            </tr>
    <tr>
              <td class="coverFn"><a href="unexpected.hpp.gcov.html#53">_ZN4saga10unexpectedISt6vectorIlSaIlEEEC2EOS4_</a></td>
              <td class="coverFnLo">0</td>
            </tr>
    <tr>
              <td class="coverFn"><a href="unexpected.hpp.gcov.html#57">_ZN4saga10unexpectedISt6vectorIlSaIlEEEC2IJS3_EvEENS_10in_place_tEDpOT_</a></td>
              <td class="coverFnHi">107</td>
            </tr>
    <tr>
              <td class="coverFn"><a href="unexpected.hpp.gcov.html#72">_ZN4saga10unexpectedISt6vectorIlSaIlEEEC2IRKS3_vvvEEOT_</a></td>
              <td class="coverFnHi">53</td>
            </tr>
    <tr>
              <td class="coverFn"><a href="unexpected.hpp.gcov.html#72">_ZN4saga10unexpectedISt6vectorIlSaIlEEEC2IS3_vvvEEOT_</a></td>
              <td class="coverFnHi">188</td>
            </tr>
    <tr>
              <td class="coverFn"><a href="unexpected.hpp.gcov.html#46">_ZN4saga10unexpectedISt6vectorIlSaIlEEEaSEOS4_</a></td>
              <td class="coverFnHi">27</td>
            </tr>
    <tr>
              <td class="coverFn"><a href="unexpected.hpp.gcov.html#57">_ZN4saga10unexpectedIcEC1IJRKcEvEENS_10in_place_tEDpOT_</a></td>
              <td class="coverFnHi">200</td>
            </tr>
    <tr>
              <td class="coverFn"><a href="unexpected.hpp.gcov.html#150">_ZN4saga10unexpectedIiE4swapERS1_</a></td>
              <td class="coverFnHi">200</td>
            </tr>
    <tr>
              <td class="coverFn"><a href="unexpected.hpp.gcov.html#57">_ZN4saga10unexpectedIiEC1IJRKiEvEENS_10in_place_tEDpOT_</a></td>
              <td class="coverFnHi">600</td>
            </tr>
    <tr>
              <td class="coverFn"><a href="unexpected.hpp.gcov.html#57">_ZN4saga10unexpectedIiEC1IJiEvEENS_10in_place_tEDpOT_</a></td>
              <td class="coverFnHi">808</td>
            </tr>
    <tr>
              <td class="coverFn"><a href="unexpected.hpp.gcov.html#72">_ZN4saga10unexpectedIiEC1IRKivvvEEOT_</a></td>
              <td class="coverFnHi">1784</td>
            </tr>
    <tr>
              <td class="coverFn"><a href="unexpected.hpp.gcov.html#72">_ZN4saga10unexpectedIiEC1IRivvvEEOT_</a></td>
              <td class="coverFnHi">200</td>
            </tr>
    <tr>
              <td class="coverFn"><a href="unexpected.hpp.gcov.html#72">_ZN4saga10unexpectedIiEC1IivvvEEOT_</a></td>
              <td class="coverFnHi">1650</td>
            </tr>
    <tr>
              <td class="coverFn"><a href="unexpected.hpp.gcov.html#57">_ZN4saga10unexpectedIlEC1IJRKiEvEENS_10in_place_tEDpOT_</a></td>
              <td class="coverFnHi">100</td>
            </tr>
    <tr>
              <td class="coverFn"><a href="unexpected.hpp.gcov.html#57">_ZN4saga10unexpectedIlEC1IJRKlEvEENS_10in_place_tEDpOT_</a></td>
              <td class="coverFnHi">2100</td>
            </tr>
    <tr>
              <td class="coverFn"><a href="unexpected.hpp.gcov.html#57">_ZN4saga10unexpectedIlEC1IJiEvEENS_10in_place_tEDpOT_</a></td>
              <td class="coverFnHi">100</td>
            </tr>
    <tr>
              <td class="coverFn"><a href="unexpected.hpp.gcov.html#72">_ZN4saga10unexpectedIlEC1IRKlvvvEEOT_</a></td>
              <td class="coverFnHi">680</td>
            </tr>
    <tr>
              <td class="coverFn"><a href="unexpected.hpp.gcov.html#72">_ZN4saga10unexpectedIlEC1IRlvvvEEOT_</a></td>
              <td class="coverFnHi">200</td>
            </tr>
    <tr>
              <td class="coverFn"><a href="unexpected.hpp.gcov.html#81">_ZN4saga10unexpectedIlEC1IiLb0EvvEERKNS0_IT_EE</a></td>
              <td class="coverFnHi">100</td>
            </tr>
    <tr>
              <td class="coverFn"><a href="unexpected.hpp.gcov.html#57">_ZN4saga10unexpectedIlEC2IJlEvEENS_10in_place_tEDpOT_</a></td>
              <td class="coverFnHi">934</td>
            </tr>
    <tr>
              <td class="coverFn"><a href="unexpected.hpp.gcov.html#72">_ZN4saga10unexpectedIlEC2IRKivvvEEOT_</a></td>
              <td class="coverFnHi">710</td>
            </tr>
    <tr>
              <td class="coverFn"><a href="unexpected.hpp.gcov.html#72">_ZN4saga10unexpectedIlEC2IlvvvEEOT_</a></td>
              <td class="coverFnHi">2070</td>
            </tr>
    <tr>
              <td class="coverFn"><a href="unexpected.hpp.gcov.html#115">_ZN4saga10unexpectedIlEaSIiEENSt9enable_ifIXtlSt13is_assignableIRlRKT_EEERS1_E4typeERKNS0_IS6_EE</a></td>
              <td class="coverFnHi">100</td>
            </tr>
    <tr>
              <td class="coverFn"><a href="unexpected.hpp.gcov.html#72">_ZN4saga10unexpectedImEC1IRKmvvvEEOT_</a></td>
              <td class="coverFnHi">200</td>
            </tr>
    <tr>
              <td class="coverFn"><a href="unexpected.hpp.gcov.html#72">_ZN4saga10unexpectedImEC1IRN9saga_test14container_sizeImEEvvvEEOT_</a></td>
              <td class="coverFnHi">200</td>
            </tr>
    <tr>
              <td class="coverFn"><a href="unexpected.hpp.gcov.html#57">_ZN4saga10unexpectedIsEC1IJRKsEvEENS_10in_place_tEDpOT_</a></td>
              <td class="coverFnHi">200</td>
            </tr>
    <tr>
              <td class="coverFn"><a href="unexpected.hpp.gcov.html#181">_ZN4saga15make_unexpectedIRKlEENS_10unexpectedINSt5decayIT_E4typeEEEOS5_</a></td>
              <td class="coverFnHi">100</td>
            </tr>
    <tr>
              <td class="coverFn"><a href="unexpected.hpp.gcov.html#158">_ZN4sagaeqIN12_GLOBAL__N_113throwing_swapIiEEEEbRKNS_10unexpectedIS3_EERKNS4_IT_EE</a></td>
              <td class="coverFnHi">400</td>
            </tr>
    <tr>
              <td class="coverFn"><a href="unexpected.hpp.gcov.html#158">_ZN4sagaeqISt6vectorIiSaIiEEEEbRKNS_10unexpectedIS3_EERKNS4_IT_EE</a></td>
              <td class="coverFnHi">100</td>
            </tr>
    <tr>
              <td class="coverFn"><a href="unexpected.hpp.gcov.html#158">_ZN4sagaeqIiEEbRKNS_10unexpectedIiEERKNS1_IT_EE</a></td>
              <td class="coverFnHi">600</td>
            </tr>
    <tr>
              <td class="coverFn"><a href="unexpected.hpp.gcov.html#158">_ZN4sagaeqIiEEbRKNS_10unexpectedIlEERKNS1_IT_EE</a></td>
              <td class="coverFnHi">100</td>
            </tr>
    <tr>
              <td class="coverFn"><a href="unexpected.hpp.gcov.html#158">_ZN4sagaeqIlEEbRKNS_10unexpectedIiEERKNS1_IT_EE</a></td>
              <td class="coverFnHi">500</td>
            </tr>
    <tr>
              <td class="coverFn"><a href="unexpected.hpp.gcov.html#158">_ZN4sagaeqIlEEbRKNS_10unexpectedIlEERKNS1_IT_EE</a></td>
              <td class="coverFnHi">100</td>
            </tr>
    <tr>
              <td class="coverFn"><a href="unexpected.hpp.gcov.html#165">_ZN4saganeIlEEbRKNS_10unexpectedIiEERKNS1_IT_EE</a></td>
              <td class="coverFnHi">100</td>
            </tr>
    <tr>
              <td class="coverFn"><a href="unexpected.hpp.gcov.html#145">_ZNKO4saga10unexpectedIiE5valueEv</a></td>
              <td class="coverFnHi">100</td>
            </tr>
    <tr>
              <td class="coverFn"><a href="unexpected.hpp.gcov.html#130">_ZNKR4saga10unexpectedIN12_GLOBAL__N_113throwing_swapIiEEE5valueEv</a></td>
              <td class="coverFnHi">800</td>
            </tr>
    <tr>
              <td class="coverFn"><a href="unexpected.hpp.gcov.html#130">_ZNKR4saga10unexpectedIN12_GLOBAL__N_117throwing_move_intEE5valueEv</a></td>
              <td class="coverFnHi">642</td>
            </tr>
    <tr>
              <td class="coverFn"><a href="unexpected.hpp.gcov.html#130">_ZNKR4saga10unexpectedIN9saga_test9move_onlyIiEEE5valueEv</a></td>
              <td class="coverFnHi">94</td>
            </tr>
    <tr>
              <td class="coverFn"><a href="unexpected.hpp.gcov.html#130">_ZNKR4saga10unexpectedIN9saga_test9move_onlyIlEEE5valueEv</a></td>
              <td class="coverFnHi">94</td>
            </tr>
    <tr>
              <td class="coverFn"><a href="unexpected.hpp.gcov.html#130">_ZNKR4saga10unexpectedINSt7__cxx1112basic_stringIcSt11char_traitsIcESaIcEEEE5valueEv</a></td>
              <td class="coverFnHi">6879</td>
            </tr>
    <tr>
              <td class="coverFn"><a href="unexpected.hpp.gcov.html#130">_ZNKR4saga10unexpectedIPiE5valueEv</a></td>
              <td class="coverFnLo">0</td>
            </tr>
    <tr>
              <td class="coverFn"><a href="unexpected.hpp.gcov.html#130">_ZNKR4saga10unexpectedISt10unique_ptrIN9saga_test4BaseESt14default_deleteIS3_EEE5valueEv</a></td>
              <td class="coverFnHi">1</td>
            </tr>
    <tr>
              <td class="coverFn"><a href="unexpected.hpp.gcov.html#130">_ZNKR4saga10unexpectedISt3setIiPFbRKiS3_ESaIiEEE5valueEv</a></td>
              <td class="coverFnHi">500</td>
            </tr>
    <tr>
              <td class="coverFn"><a href="unexpected.hpp.gcov.html#130">_ZNKR4saga10unexpectedISt6vectorIiSaIiEEE5valueEv</a></td>
              <td class="coverFnHi">7058</td>
            </tr>
    <tr>
              <td class="coverFn"><a href="unexpected.hpp.gcov.html#130">_ZNKR4saga10unexpectedISt6vectorIlSaIlEEE5valueEv</a></td>
              <td class="coverFnHi">159</td>
            </tr>
    <tr>
              <td class="coverFn"><a href="unexpected.hpp.gcov.html#130">_ZNKR4saga10unexpectedIcE5valueEv</a></td>
              <td class="coverFnHi">1300</td>
            </tr>
    <tr>
              <td class="coverFn"><a href="unexpected.hpp.gcov.html#130">_ZNKR4saga10unexpectedIiE5valueEv</a></td>
              <td class="coverFnHi">6514</td>
            </tr>
    <tr>
              <td class="coverFn"><a href="unexpected.hpp.gcov.html#130">_ZNKR4saga10unexpectedIlE5valueEv</a></td>
              <td class="coverFnHi">8453</td>
            </tr>
    <tr>
              <td class="coverFn"><a href="unexpected.hpp.gcov.html#130">_ZNKR4saga10unexpectedImE5valueEv</a></td>
              <td class="coverFnHi">300</td>
            </tr>
    <tr>
              <td class="coverFn"><a href="unexpected.hpp.gcov.html#130">_ZNKR4saga10unexpectedIsE5valueEv</a></td>
              <td class="coverFnHi">1300</td>
            </tr>
    <tr>
              <td class="coverFn"><a href="unexpected.hpp.gcov.html#140">_ZNO4saga10unexpectedISt10unique_ptrIN9saga_test7DerivedESt14default_deleteIS3_EEE5valueEv</a></td>
              <td class="coverFnHi">2</td>
            </tr>
    <tr>
              <td class="coverFn"><a href="unexpected.hpp.gcov.html#140">_ZNO4saga10unexpectedISt6vectorIiSaIiEEE5valueEv</a></td>
              <td class="coverFnHi">101</td>
            </tr>
    <tr>
              <td class="coverFn"><a href="unexpected.hpp.gcov.html#140">_ZNO4saga10unexpectedIiE5valueEv</a></td>
              <td class="coverFnHi">100</td>
            </tr>
    <tr>
              <td class="coverFn"><a href="unexpected.hpp.gcov.html#140">_ZNO4saga10unexpectedImE5valueEv</a></td>
              <td class="coverFnHi">100</td>
            </tr>
    <tr>
              <td class="coverFn"><a href="unexpected.hpp.gcov.html#135">_ZNR4saga10unexpectedIN12_GLOBAL__N_117throwing_move_intEE5valueEv</a></td>
              <td class="coverFnHi">427</td>
            </tr>
    <tr>
              <td class="coverFn"><a href="unexpected.hpp.gcov.html#135">_ZNR4saga10unexpectedIN12_GLOBAL__N_17wrapperISt6vectorIiSaIiEEEEE5valueEv</a></td>
              <td class="coverFnHi">400</td>
            </tr>
    <tr>
              <td class="coverFn"><a href="unexpected.hpp.gcov.html#135">_ZNR4saga10unexpectedIN9saga_test9move_onlyIiEEE5valueEv</a></td>
              <td class="coverFnHi">94</td>
            </tr>
    <tr>
              <td class="coverFn"><a href="unexpected.hpp.gcov.html#135">_ZNR4saga10unexpectedINSt7__cxx1112basic_stringIcSt11char_traitsIcESaIcEEEE5valueEv</a></td>
              <td class="coverFnHi">5955</td>
            </tr>
    <tr>
              <td class="coverFn"><a href="unexpected.hpp.gcov.html#135">_ZNR4saga10unexpectedIPiE5valueEv</a></td>
              <td class="coverFnLo">0</td>
            </tr>
    <tr>
              <td class="coverFn"><a href="unexpected.hpp.gcov.html#135">_ZNR4saga10unexpectedISt10unique_ptrIN9saga_test4BaseESt14default_deleteIS3_EEE5valueEv</a></td>
              <td class="coverFnHi">2</td>
            </tr>
    <tr>
              <td class="coverFn"><a href="unexpected.hpp.gcov.html#135">_ZNR4saga10unexpectedISt10unique_ptrIN9saga_test7DerivedESt14default_deleteIS3_EEE5valueEv</a></td>
              <td class="coverFnHi">5</td>
            </tr>
    <tr>
              <td class="coverFn"><a href="unexpected.hpp.gcov.html#135">_ZNR4saga10unexpectedISt10unique_ptrIiSt14default_deleteIiEEE5valueEv</a></td>
              <td class="coverFnHi">300</td>
            </tr>
    <tr>
              <td class="coverFn"><a href="unexpected.hpp.gcov.html#135">_ZNR4saga10unexpectedISt6vectorIiSaIiEEE5valueEv</a></td>
              <td class="coverFnHi">2479</td>
            </tr>
    <tr>
              <td class="coverFn"><a href="unexpected.hpp.gcov.html#135">_ZNR4saga10unexpectedISt6vectorIlSaIlEEE5valueEv</a></td>
              <td class="coverFnHi">188</td>
            </tr>
    <tr>
              <td class="coverFn"><a href="unexpected.hpp.gcov.html#135">_ZNR4saga10unexpectedIiE5valueEv</a></td>
              <td class="coverFnHi">2274</td>
            </tr>
    <tr>
              <td class="coverFn"><a href="unexpected.hpp.gcov.html#135">_ZNR4saga10unexpectedIlE5valueEv</a></td>
              <td class="coverFnHi">2770</td>
            </tr>
  </table>
  <br>
  </center>
  <table width="100%" border=0 cellspacing=0 cellpadding=0>
    <tr><td class="ruler"><img src="../../../glass.png" width=3 height=3 alt=""></td></tr>
    <tr><td class="versionInfo">Generated by: <a href="http://ltp.sourceforge.net/coverage/lcov.php" target="_parent">LCOV version 1.14</a></td></tr>
  </table>
  <br>

</body>
</html>
