<!DOCTYPE HTML PUBLIC "-//W3C//DTD HTML 4.01 Transitional//EN">

<html lang="en">

<head>
  <meta http-equiv="Content-Type" content="text/html; charset=UTF-8">
  <title>LCOV - lcov_report.info - tests/expected/unexpected.cpp - functions</title>
  <link rel="stylesheet" type="text/css" href="../../gcov.css">
</head>

<body>

  <table width="100%" border=0 cellspacing=0 cellpadding=0>
    <tr><td class="title">LCOV - code coverage report</td></tr>
    <tr><td class="ruler"><img src="../../glass.png" width=3 height=3 alt=""></td></tr>

    <tr>
      <td width="100%">
        <table cellpadding=1 border=0 width="100%">
          <tr>
            <td width="10%" class="headerItem">Current view:</td>
            <td width="35%" class="headerValue"><a href="../../index.html">top level</a> - <a href="index.html">tests/expected</a> - unexpected.cpp<span style="font-size: 80%;"> (<a href="unexpected.cpp.gcov.html">source</a> / functions)</span></td>
            <td width="5%"></td>
            <td width="15%"></td>
            <td width="10%" class="headerCovTableHead">Hit</td>
            <td width="10%" class="headerCovTableHead">Total</td>
            <td width="15%" class="headerCovTableHead">Coverage</td>
          </tr>
          <tr>
            <td class="headerItem">Test:</td>
            <td class="headerValue">lcov_report.info</td>
            <td></td>
            <td class="headerItem">Lines:</td>
            <td class="headerCovTableEntry">240</td>
            <td class="headerCovTableEntry">240</td>
            <td class="headerCovTableEntryHi">100.0 %</td>
          </tr>
          <tr>
            <td class="headerItem">Date:</td>
            <td class="headerValue">2021-06-10 10:35:29</td>
            <td></td>
            <td class="headerItem">Functions:</td>
            <td class="headerCovTableEntry">44</td>
            <td class="headerCovTableEntry">44</td>
            <td class="headerCovTableEntryHi">100.0 %</td>
          </tr>
          <tr><td><img src="../../glass.png" width=3 height=3 alt=""></td></tr>
        </table>
      </td>
    </tr>

    <tr><td class="ruler"><img src="../../glass.png" width=3 height=3 alt=""></td></tr>
  </table>

  <center>
  <table width="60%" cellpadding=1 cellspacing=1 border=0>
    <tr><td><br></td></tr>
    <tr>
      <td width="80%" class="tableHead">Function Name <span class="tableHeadSort"><img src="../../glass.png" width=10 height=14 alt="Sort by function name" title="Sort by function name" border=0></span></td>
      <td width="20%" class="tableHead">Hit count <span class="tableHeadSort"><a href="unexpected.cpp.func-sort-c.html"><img src="../../updown.png" width=10 height=14 alt="Sort by hit count" title="Sort by hit count" border=0></a></span></td>
    </tr>
    <tr>
              <td class="coverFn"><a href="unexpected.cpp.gcov.html#54">_ZL29____C_A_T_C_H____T_E_S_T____0v</a></td>
              <td class="coverFnHi">1</td>
            </tr>
    <tr>
              <td class="coverFn"><a href="unexpected.cpp.gcov.html#77">_ZL29____C_A_T_C_H____T_E_S_T____2v</a></td>
              <td class="coverFnHi">1</td>
            </tr>
    <tr>
              <td class="coverFn"><a href="unexpected.cpp.gcov.html#89">_ZL29____C_A_T_C_H____T_E_S_T____4v</a></td>
              <td class="coverFnHi">1</td>
            </tr>
    <tr>
              <td class="coverFn"><a href="unexpected.cpp.gcov.html#113">_ZL29____C_A_T_C_H____T_E_S_T____6v</a></td>
              <td class="coverFnHi">1</td>
            </tr>
    <tr>
              <td class="coverFn"><a href="unexpected.cpp.gcov.html#135">_ZL29____C_A_T_C_H____T_E_S_T____8v</a></td>
              <td class="coverFnHi">1</td>
            </tr>
    <tr>
              <td class="coverFn"><a href="unexpected.cpp.gcov.html#170">_ZL30____C_A_T_C_H____T_E_S_T____10v</a></td>
              <td class="coverFnHi">1</td>
            </tr>
    <tr>
              <td class="coverFn"><a href="unexpected.cpp.gcov.html#202">_ZL30____C_A_T_C_H____T_E_S_T____12v</a></td>
              <td class="coverFnHi">1</td>
            </tr>
    <tr>
              <td class="coverFn"><a href="unexpected.cpp.gcov.html#235">_ZL30____C_A_T_C_H____T_E_S_T____14v</a></td>
              <td class="coverFnHi">1</td>
            </tr>
    <tr>
              <td class="coverFn"><a href="unexpected.cpp.gcov.html#269">_ZL30____C_A_T_C_H____T_E_S_T____16v</a></td>
              <td class="coverFnHi">1</td>
            </tr>
    <tr>
              <td class="coverFn"><a href="unexpected.cpp.gcov.html#302">_ZL30____C_A_T_C_H____T_E_S_T____18v</a></td>
              <td class="coverFnHi">1</td>
            </tr>
    <tr>
              <td class="coverFn"><a href="unexpected.cpp.gcov.html#347">_ZL30____C_A_T_C_H____T_E_S_T____20v</a></td>
              <td class="coverFnHi">1</td>
            </tr>
    <tr>
              <td class="coverFn"><a href="unexpected.cpp.gcov.html#373">_ZL30____C_A_T_C_H____T_E_S_T____22v</a></td>
              <td class="coverFnHi">1</td>
            </tr>
    <tr>
              <td class="coverFn"><a href="unexpected.cpp.gcov.html#404">_ZL30____C_A_T_C_H____T_E_S_T____24v</a></td>
              <td class="coverFnHi">1</td>
            </tr>
    <tr>
              <td class="coverFn"><a href="unexpected.cpp.gcov.html#435">_ZL30____C_A_T_C_H____T_E_S_T____26v</a></td>
              <td class="coverFnHi">1</td>
            </tr>
    <tr>
              <td class="coverFn"><a href="unexpected.cpp.gcov.html#481">_ZL30____C_A_T_C_H____T_E_S_T____28v</a></td>
              <td class="coverFnHi">1</td>
            </tr>
    <tr>
              <td class="coverFn"><a href="unexpected.cpp.gcov.html#518">_ZL30____C_A_T_C_H____T_E_S_T____30v</a></td>
              <td class="coverFnHi">1</td>
            </tr>
    <tr>
              <td class="coverFn"><a href="unexpected.cpp.gcov.html#548">_ZL30____C_A_T_C_H____T_E_S_T____32v</a></td>
              <td class="coverFnHi">1</td>
            </tr>
    <tr>
              <td class="coverFn"><a href="unexpected.cpp.gcov.html#591">_ZL30____C_A_T_C_H____T_E_S_T____34v</a></td>
              <td class="coverFnHi">1</td>
            </tr>
    <tr>
              <td class="coverFn"><a href="unexpected.cpp.gcov.html#649">_ZL30____C_A_T_C_H____T_E_S_T____36v</a></td>
              <td class="coverFnHi">1</td>
            </tr>
    <tr>
              <td class="coverFn"><a href="unexpected.cpp.gcov.html#703">_ZL30____C_A_T_C_H____T_E_S_T____38v</a></td>
              <td class="coverFnHi">1</td>
            </tr>
    <tr>
              <td class="coverFn"><a href="unexpected.cpp.gcov.html#752">_ZL30____C_A_T_C_H____T_E_S_T____40v</a></td>
              <td class="coverFnHi">1</td>
            </tr>
    <tr>
              <td class="coverFn"><a href="unexpected.cpp.gcov.html#630">_ZN12_GLOBAL__N_113throwing_swapIiEC2Ei</a></td>
              <td class="coverFnHi">200</td>
            </tr>
    <tr>
              <td class="coverFn"><a href="unexpected.cpp.gcov.html#639">_ZN12_GLOBAL__N_14swapERNS_13throwing_swapIiEES2_</a></td>
              <td class="coverFnHi">200</td>
            </tr>
    <tr>
              <td class="coverFn"><a href="unexpected.cpp.gcov.html#634">_ZN12_GLOBAL__N_1eqERKNS_13throwing_swapIiEES3_</a></td>
              <td class="coverFnHi">400</td>
            </tr>
    <tr>
              <td class="coverFn"><a href="unexpected.cpp.gcov.html#67">_ZZL29____C_A_T_C_H____T_E_S_T____0vENKUlN9saga_test14container_sizeImEEiE_clES1_i</a></td>
              <td class="coverFnHi">100</td>
            </tr>
    <tr>
              <td class="coverFn"><a href="unexpected.cpp.gcov.html#79">_ZZL29____C_A_T_C_H____T_E_S_T____2vENKUliiE_clEii</a></td>
              <td class="coverFnHi">100</td>
            </tr>
    <tr>
              <td class="coverFn"><a href="unexpected.cpp.gcov.html#98">_ZZL29____C_A_T_C_H____T_E_S_T____4vENKUliiE_clEii</a></td>
              <td class="coverFnHi">100</td>
            </tr>
    <tr>
              <td class="coverFn"><a href="unexpected.cpp.gcov.html#125">_ZZL29____C_A_T_C_H____T_E_S_T____6vENKUlN9saga_test14container_sizeImEEiE_clES1_i</a></td>
              <td class="coverFnHi">100</td>
            </tr>
    <tr>
              <td class="coverFn"><a href="unexpected.cpp.gcov.html#147">_ZZL29____C_A_T_C_H____T_E_S_T____8vENKUlRKSt6vectorIiSaIiEEE_clES3_</a></td>
              <td class="coverFnHi">100</td>
            </tr>
    <tr>
              <td class="coverFn"><a href="unexpected.cpp.gcov.html#186">_ZZL30____C_A_T_C_H____T_E_S_T____10vENKUlRKNSt7__cxx1112basic_stringIcSt11char_traitsIcESaIcEEEE_clES6_</a></td>
              <td class="coverFnHi">100</td>
            </tr>
    <tr>
              <td class="coverFn"><a href="unexpected.cpp.gcov.html#226">_ZZL30____C_A_T_C_H____T_E_S_T____12vENKUlN9saga_test14container_sizeImEEE_clES1_</a></td>
              <td class="coverFnHi">100</td>
            </tr>
    <tr>
              <td class="coverFn"><a href="unexpected.cpp.gcov.html#257">_ZZL30____C_A_T_C_H____T_E_S_T____14vENKUlRKiE_clES0_</a></td>
              <td class="coverFnHi">100</td>
            </tr>
    <tr>
              <td class="coverFn"><a href="unexpected.cpp.gcov.html#293">_ZZL30____C_A_T_C_H____T_E_S_T____16vENKUlN9saga_test14container_sizeImEEE_clES1_</a></td>
              <td class="coverFnHi">100</td>
            </tr>
    <tr>
              <td class="coverFn"><a href="unexpected.cpp.gcov.html#359">_ZZL30____C_A_T_C_H____T_E_S_T____20vENKUlRKiS0_E_clES0_S0_</a></td>
              <td class="coverFnHi">100</td>
            </tr>
    <tr>
              <td class="coverFn"><a href="unexpected.cpp.gcov.html#385">_ZZL30____C_A_T_C_H____T_E_S_T____22vENKUlRKiS0_E_clES0_S0_</a></td>
              <td class="coverFnHi">100</td>
            </tr>
    <tr>
              <td class="coverFn"><a href="unexpected.cpp.gcov.html#422">_ZZL30____C_A_T_C_H____T_E_S_T____24vENKUlliE_clEli</a></td>
              <td class="coverFnHi">100</td>
            </tr>
    <tr>
              <td class="coverFn"><a href="unexpected.cpp.gcov.html#495">_ZZL30____C_A_T_C_H____T_E_S_T____28vENKUlRKNSt7__cxx1112basic_stringIcSt11char_traitsIcESaIcEEES6_E_clES6_S6_</a></td>
              <td class="coverFnHi">100</td>
            </tr>
    <tr>
              <td class="coverFn"><a href="unexpected.cpp.gcov.html#532">_ZZL30____C_A_T_C_H____T_E_S_T____30vENKUlRKSt6vectorIiSaIiEEE_clES3_</a></td>
              <td class="coverFnHi">100</td>
            </tr>
    <tr>
              <td class="coverFn"><a href="unexpected.cpp.gcov.html#558">_ZZL30____C_A_T_C_H____T_E_S_T____32vENKUlRKiE_clES0_</a></td>
              <td class="coverFnHi">100</td>
            </tr>
    <tr>
              <td class="coverFn"><a href="unexpected.cpp.gcov.html#599">_ZZL30____C_A_T_C_H____T_E_S_T____34vENKUlRKiS0_E_clES0_S0_</a></td>
              <td class="coverFnHi">100</td>
            </tr>
    <tr>
              <td class="coverFn"><a href="unexpected.cpp.gcov.html#657">_ZZL30____C_A_T_C_H____T_E_S_T____36vENKUlRKiS0_E_clES0_S0_</a></td>
              <td class="coverFnHi">100</td>
            </tr>
    <tr>
              <td class="coverFn"><a href="unexpected.cpp.gcov.html#720">_ZZL30____C_A_T_C_H____T_E_S_T____38vENKUlilE_clEil</a></td>
              <td class="coverFnHi">100</td>
            </tr>
    <tr>
              <td class="coverFn"><a href="unexpected.cpp.gcov.html#765">_ZZL30____C_A_T_C_H____T_E_S_T____40vENKUlRKlE_clES0_</a></td>
              <td class="coverFnHi">100</td>
            </tr>
    <tr>
              <td class="coverFn"><a href="unexpected.cpp.gcov.html#103">_ZZZL29____C_A_T_C_H____T_E_S_T____4vENKUliiE_clEiiENKUlRKiS1_E_clES1_S1_</a></td>
              <td class="coverFnHi">492</td>
            </tr>
  </table>
  <br>
  </center>
  <table width="100%" border=0 cellspacing=0 cellpadding=0>
    <tr><td class="ruler"><img src="../../glass.png" width=3 height=3 alt=""></td></tr>
    <tr><td class="versionInfo">Generated by: <a href="http://ltp.sourceforge.net/coverage/lcov.php" target="_parent">LCOV version 1.14</a></td></tr>
  </table>
  <br>

</body>
</html>
